// Vitest Snapshot v1, https://vitest.dev/guide/snapshot.html

exports[`src/index.tsx > should render the correct output 1`] = `
"+--------------------------------------------------------------------------------------------------+
| [1mFull name[22m                                       | [1mEmail[22m                                          |
|--------------------------------------------------------------------------------------------------|
| John Doe                                       | john@doe.com                                    |
|--------------------------------------------------------------------------------------------------|
| John Doe                                       | john@doe.com                                    |
+--------------------------------------------------------------------------------------------------+"
`;
